  ООП.cpp
C:\Users\Пользователь\Desktop\Лаба 12\ООП.cpp(170,12): warning C4267: инициализация: преобразование из "size_t" в "int"; возможна потеря данных
C:\Users\Пользователь\Desktop\Лаба 12\ООП.cpp(186,12): warning C4267: инициализация: преобразование из "size_t" в "int"; возможна потеря данных
C:\Users\Пользователь\Desktop\Лаба 12\ООП.cpp(290,12): warning C4267: инициализация: преобразование из "size_t" в "int"; возможна потеря данных
      C:\Users\Пользователь\Desktop\Лаба 12\ООП.cpp(290,12):
      контекст создания экземпляра шаблона (сначала самый старый)
          C:\Users\Пользователь\Desktop\Лаба 12\ООП.cpp(345,17):
          выполняется компиляция ссылки на экземпляр класс шаблон функции "CList<Pair>"
          C:\Users\Пользователь\Desktop\Лаба 12\ООП.cpp(289,53):
          во время компиляции функции-члена класс шаблон "void CList<Pair>::DeleteByKeyRange(T,T)"
          with
          [
              T=Pair
          ]
              C:\Users\Пользователь\Desktop\Лаба 12\ООП.cpp(359,24):
              см. первую ссылку на "CList<Pair>::DeleteByKeyRange" в "task3"
  
C:\Users\Пользователь\Desktop\Лаба 12\ООП.cpp(326,12): warning C4267: инициализация: преобразование из "size_t" в "int"; возможна потеря данных
      C:\Users\Пользователь\Desktop\Лаба 12\ООП.cpp(326,12):
      контекст создания экземпляра шаблона (сначала самый старый)
          C:\Users\Пользователь\Desktop\Лаба 12\ООП.cpp(324,31):
          во время компиляции функции-члена класс шаблон "void CList<Pair>::AddSumMinMax(void)"
              C:\Users\Пользователь\Desktop\Лаба 12\ООП.cpp(365,20):
              см. первую ссылку на "CList<Pair>::AddSumMinMax" в "task3"
  
  Лаба 12.vcxproj -> C:\Users\Пользователь\Desktop\Лаба 12\x64\Debug\Лаба 12.exe
