  ООП.cpp
C:\Program Files\Microsoft Visual Studio\2022\Community\VC\Tools\MSVC\14.44.35207\include\utility(303,16): warning C4267: инициализация: преобразование из "size_t" в "_Ty1"; возможна потеря данных
C:\Program Files\Microsoft Visual Studio\2022\Community\VC\Tools\MSVC\14.44.35207\include\utility(303,16): warning C4267:         with
C:\Program Files\Microsoft Visual Studio\2022\Community\VC\Tools\MSVC\14.44.35207\include\utility(303,16): warning C4267:         [
C:\Program Files\Microsoft Visual Studio\2022\Community\VC\Tools\MSVC\14.44.35207\include\utility(303,16): warning C4267:             _Ty1=const int
C:\Program Files\Microsoft Visual Studio\2022\Community\VC\Tools\MSVC\14.44.35207\include\utility(303,16): warning C4267:         ]
  (компиляция исходного файла "ООП.cpp")
      C:\Program Files\Microsoft Visual Studio\2022\Community\VC\Tools\MSVC\14.44.35207\include\utility(303,16):
      контекст создания экземпляра шаблона (сначала самый старый)
          C:\Users\Пользователь\Desktop\Лаба 13 ООП\ООП.cpp(307,7):
          выполняется компиляция ссылки на экземпляр шаблон функции "std::pair<std::_Tree_iterator<std::_Tree_val<std::_Tree_simple_types<std::pair<const int,Pair>>>>,bool> std::map<int,Pair,std::less<int>,std::allocator<std::pair<const int,Pair>>>::insert<std::pair<unsigned __int64,Pair>,0>(_Valty &&)"
          with
          [
              _Valty=std::pair<unsigned __int64,Pair>
          ]
              C:\Users\Пользователь\Desktop\Лаба 13 ООП\ООП.cpp(307,13):
              см. первую ссылку на "std::map<int,Pair,std::less<int>,std::allocator<std::pair<const int,Pair>>>::insert" в "task3"
          C:\Program Files\Microsoft Visual Studio\2022\Community\VC\Tools\MSVC\14.44.35207\include\map(186,22):
          выполняется компиляция ссылки на экземпляр шаблон функции "std::pair<std::_Tree_iterator<std::_Tree_val<std::_Tree_simple_types<std::pair<const int,Pair>>>>,bool> std::_Tree<std::_Tmap_traits<_Kty,_Ty,_Pr,_Alloc,false>>::emplace<std::pair<unsigned __int64,Pair>>(std::pair<unsigned __int64,Pair> &&)"
          with
          [
              _Kty=int,
              _Ty=Pair,
              _Pr=std::less<int>,
              _Alloc=std::allocator<std::pair<const int,Pair>>
          ]
          C:\Program Files\Microsoft Visual Studio\2022\Community\VC\Tools\MSVC\14.44.35207\include\xtree(1048,30):
          выполняется компиляция ссылки на экземпляр шаблон функции "std::pair<std::_Tree_node<std::pair<const int,Pair>,std::_Default_allocator_traits<_Alloc>::void_pointer> *,bool> std::_Tree<std::_Tmap_traits<_Kty,_Ty,_Pr,_Alloc,false>>::_Emplace<std::pair<unsigned __int64,Pair>>(std::pair<unsigned __int64,Pair> &&)"
          with
          [
              _Alloc=std::allocator<std::pair<const int,Pair>>,
              _Kty=int,
              _Ty=Pair,
              _Pr=std::less<int>
          ]
          C:\Program Files\Microsoft Visual Studio\2022\Community\VC\Tools\MSVC\14.44.35207\include\xtree(1026,46):
          выполняется компиляция ссылки на экземпляр шаблон функции "std::_Tree_temp_node<std::allocator<std::_Tree_node<std::pair<const int,Pair>,std::_Default_allocator_traits<_Alloc>::void_pointer>>>::_Tree_temp_node<_Ty>(_Alnode &,std::_Tree_node<std::pair<const int,Pair>,std::_Default_allocator_traits<_Alloc>::void_pointer> *,_Ty &&)"
          with
          [
              _Alloc=std::allocator<std::pair<const int,Pair>>,
              _Ty=std::pair<unsigned __int64,Pair>,
              _Alnode=std::allocator<std::_Tree_node<std::pair<const int,Pair>,std::_Default_allocator_traits<std::allocator<std::pair<const int,Pair>>>::void_pointer>>
          ]
          C:\Program Files\Microsoft Visual Studio\2022\Community\VC\Tools\MSVC\14.44.35207\include\xtree(830,25):
          выполняется компиляция ссылки на экземпляр шаблон функции "void std::_Default_allocator_traits<_Alloc>::construct<_Ty,std::pair<unsigned __int64,Pair>>(_Alloc &,_Objty *const ,std::pair<unsigned __int64,Pair> &&)"
          with
          [
              _Alloc=std::allocator<std::_Tree_node<std::pair<const int,Pair>,std::_Default_allocator_traits<std::allocator<std::pair<const int,Pair>>>::void_pointer>>,
              _Ty=std::pair<const int,Pair>,
              _Objty=std::pair<const int,Pair>
          ]
          C:\Program Files\Microsoft Visual Studio\2022\Community\VC\Tools\MSVC\14.44.35207\include\xmemory(732,103):
          выполняется компиляция ссылки на экземпляр шаблон функции "std::pair<const int,Pair>::pair<unsigned __int64,Pair,0>(std::pair<unsigned __int64,Pair> &&) noexcept(false)"
  
  Лаба 13 ООП.vcxproj -> C:\Users\Пользователь\Desktop\Лаба 13 ООП\x64\Debug\Лаба 13 ООП.exe
